destination:
  name: world
mirror:
  name: hello

