{
  "virtual_hosts": [
   {
    "name": "*.google.com:443",
    "domains": [
     "*.google.com:443"
    ],
    "routes": [
     {
      "prefix": "/",
      "cluster": "out.*.google.com|external-HTTPS-443",
      "decorator": {
       "operation": "default-route"
      }
     }
    ]
   },
   {
    "name": "*.google.com:80",
    "domains": [
     "*.google.com",
     "*.google.com:80"
    ],
    "routes": [
     {
      "prefix": "/",
      "cluster": "out.*.google.com|external-HTTP-80",
      "decorator": {
       "operation": "default-route"
      }
     }
    ]
   },
   {
    "name": "*.google.com:8080",
    "domains": [
     "*.google.com:8080"
    ],
    "routes": [
     {
      "prefix": "/",
      "cluster": "out.*.google.com|external-HTTP2-8080",
      "decorator": {
       "operation": "default-route"
      }
     }
    ]
   },
   {
    "name": "hello.default.svc.cluster.local|http",
    "domains": [
     "hello:80",
     "hello",
     "hello.default:80",
     "hello.default",
     "hello.default.svc:80",
     "hello.default.svc",
     "hello.default.svc.cluster:80",
     "hello.default.svc.cluster",
     "hello.default.svc.cluster.local:80",
     "hello.default.svc.cluster.local",
     "10.1.0.0:80",
     "10.1.0.0"
    ],
    "routes": [
     {
      "prefix": "/",
      "cluster": "out.hello.default.svc.cluster.local|http",
      "decorator": {
       "operation": "default-route"
      }
     }
    ]
   },
   {
    "name": "hello.default.svc.cluster.local|http-status",
    "domains": [
     "hello:81",
     "hello.default:81",
     "hello.default.svc:81",
     "hello.default.svc.cluster:81",
     "hello.default.svc.cluster.local:81",
     "10.1.0.0:81"
    ],
    "routes": [
     {
      "prefix": "/",
      "cluster": "out.hello.default.svc.cluster.local|http-status",
      "decorator": {
       "operation": "default-route"
      }
     }
    ]
   },
   {
    "name": "httpbin.default.svc.cluster.local|http",
    "domains": [
     "httpbin:80",
     "httpbin",
     "httpbin.default:80",
     "httpbin.default",
     "httpbin.default.svc:80",
     "httpbin.default.svc",
     "httpbin.default.svc.cluster:80",
     "httpbin.default.svc.cluster",
     "httpbin.default.svc.cluster.local:80",
     "httpbin.default.svc.cluster.local"
    ],
    "routes": [
     {
      "prefix": "/",
      "cluster": "out.httpbin.default.svc.cluster.local|http",
      "decorator": {
       "operation": "default-route"
      }
     }
    ]
   },
   {
    "name": "httpsbin.default.svc.cluster.local|https",
    "domains": [
     "httpsbin:443",
     "httpsbin.default:443",
     "httpsbin.default.svc:443",
     "httpsbin.default.svc.cluster:443",
     "httpsbin.default.svc.cluster.local:443"
    ],
    "routes": [
     {
      "prefix": "/",
      "cluster": "out.httpsbin.default.svc.cluster.local|https",
      "decorator": {
       "operation": "default-route"
      }
     }
    ]
   },
   {
    "name": "world.default.svc.cluster.local|http",
    "domains": [
     "world:80",
     "world",
     "world.default:80",
     "world.default",
     "world.default.svc:80",
     "world.default.svc",
     "world.default.svc.cluster:80",
     "world.default.svc.cluster",
     "world.default.svc.cluster.local:80",
     "world.default.svc.cluster.local",
     "10.2.0.0:80",
     "10.2.0.0"
    ],
    "routes": [
     {
      "prefix": "/",
      "cluster": "out.world.default.svc.cluster.local|http",
      "decorator": {
       "operation": "default-route"
      }
     }
    ]
   },
   {
    "name": "world.default.svc.cluster.local|http-status",
    "domains": [
     "world:81",
     "world.default:81",
     "world.default.svc:81",
     "world.default.svc.cluster:81",
     "world.default.svc.cluster.local:81",
     "10.2.0.0:81"
    ],
    "routes": [
     {
      "prefix": "/",
      "cluster": "out.world.default.svc.cluster.local|http-status",
      "decorator": {
       "operation": "default-route"
      }
     }
    ]
   }
  ]
 }